
> luzo@0.0.0 build
> vite build

[36mvite v7.3.1 [32mbuilding client environment for production...[36m[39m
transforming...
[32mΓ£ô[39m 54 modules transformed.
node.exe : 
[31mΓ£ù[39m Build 
failed in 525ms
At C:\Program Files\n
odejs\npm.ps1:29 
char:3
+   & $NODE_EXE 
$NPM_CLI_JS $args
+   ~~~~~~~~~~~~~~~~~
~~~~~~~~~~~~
    + CategoryInfo   
           : NotSpe  
  cified: ([31mΓ£   
 ù[39m Build fai    
led in 525ms:Str    
ing) [], RemoteE    
xception
    + FullyQualified 
   ErrorId : Native  
  CommandError
 
[31merror during 
build:
[31mCould not 
resolve "../../contex
t/AuthContext" from "
src/routes/ProtectedR
oute.jsx"[31m
file: [36mC:/Users/N
iranjan/OneDrive/Desk
top/LUZO/src/routes/P
rotectedRoute.jsx[31
m
    at 
getRollupError (file:
///C:/Users/Niranjan/
OneDrive/Desktop/LUZO
/node_modules/rollup/
dist/es/shared/parseA
st.js:402:41)
    at error (file://
/C:/Users/Niranjan/On
eDrive/Desktop/LUZO/n
ode_modules/rollup/di
st/es/shared/parseAst
.js:398:42)
    at ModuleLoader.h
andleInvalidResolvedI
d (file:///C:/Users/N
iranjan/OneDrive/Desk
top/LUZO/node_modules
/rollup/dist/es/share
d/node-entry.js:21687
:24)
    at file:///C:/Use
rs/Niranjan/OneDrive/
Desktop/LUZO/node_mod
ules/rollup/dist/es/s
hared/node-entry.js:2
1647:26[39m
